// Jest Snapshot v1, https://goo.gl/fbAQLP

exports[`renders homepage unchanged 1`] = `
<div>
  <main>
    <div
      id="tsparticles"
    >
      <canvas
        style="width: 100%; height: 100%;"
      />
    </div>
    <div
      class="flex justify-center"
    >
      <div
        class="mb-3 xl:w-96"
      >
        <div
          class="relative mb-4 flex w-full flex-wrap items-stretch"
        >
          <input
            class="relative m-0 -mr-px block w-[1%] min-w-0 flex-auto rounded-l border border-solid border-neutral-300 bg-white bg-clip-padding px-3 py-1.5 text-base font-normal text-neutral-700 outline-none transition duration-300 ease-in-out focus:border-primary focus:text-neutral-700 focus:shadow-te-primary focus:outline-none dark:text-neutral-200 dark:placeholder:text-neutral-200"
            placeholder="Search"
            required=""
            type="search"
            value=""
          />
          <button
            class="relative z-[2] flex items-center rounded-r bg-blue-900 px-6 py-2.5 text-xs font-medium uppercase leading-tight text-white shadow-md transition duration-150 ease-in-out hover:bg-primary-700 hover:shadow-lg focus:bg-primary-700 focus:shadow-lg focus:outline-none focus:ring-0 active:bg-primary-800 active:shadow-lg"
            data-te-ripple-color="light"
            data-te-ripple-init="true"
            id="button-addon1"
            type="button"
          >
            <svg
              class="h-5 w-5"
              fill="currentColor"
              viewBox="0 0 20 20"
              xmlns="http://www.w3.org/2000/svg"
            >
              <path
                clip-rule="evenodd"
                d="M9 3.5a5.5 5.5 0 100 11 5.5 5.5 0 000-11zM2 9a7 7 0 1112.452 4.391l3.328 3.329a.75.75 0 11-1.06 1.06l-3.329-3.328A7 7 0 012 9z"
                fill-rule="evenodd"
              />
            </svg>
          </button>
        </div>
      </div>
    </div>
    <section
      class="w-full px-8 py-16 bg-gray-100 xl:px-8"
      style="z-index: 20;"
    >
      <div
        class="max-w-5xl mx-auto"
      >
        <div
          class="flex flex-col items-center md:flex-row"
        >
          <div
            class="w-full space-y-5 md:w-3/5 md:pr-6 z-10"
          >
            <h1
              class="text-3xl font-bold underline"
            >
              IPFS Notes
            </h1>
            <div>
              <button
                class="bg-slate-300 hover:bg-slate-500 text-black rounded-md p-2 drop-shadow-md w-32"
              >
                Retrieve Data
              </button>
            </div>
          </div>
          <div
            class="w-full mt-16 md:mt-0 md:w-2/5"
          >
            <div
              class="relative z-10 h-auto p-8 py-10 overflow-hidden bg-white border-b-2 border-gray-300 rounded-lg shadow-2xl px-7"
              data-rounded="rounded-lg"
              data-rounded-max="rounded-full"
            >
              <p
                class="mb-6 text-2xl font-medium text-center"
              >
                Add Note
              </p>
              <textarea
                class="peer my-10 block min-h-[auto] w-full rounded border-2 bg-transparent py-[0.32rem] px-3 leading-[1.6] transition-all duration-200 ease-linear focus:placeholder:opacity-100 data-[te-input-state-active]:placeholder:opacity-100 motion-reduce:transition-none dark:text-neutral-800 dark:placeholder:text-neutral-200 [&:not([data-te-input-placeholder-active])]:placeholder:opacity-0"
                id="exampleFormControlTextarea1"
                placeholder="Your message"
                rows="5"
              />
              <div
                class="flex justify-center"
              >
                <div
                  class="mb-3 w-96"
                >
                  <label
                    class="mb-2 inline-block text-neutral-900 dark:text-neutral-800 text-center"
                    for="formFile"
                  >
                    Or Add File
                  </label>
                  <input
                    class="relative m-0 block w-full min-w-0 flex-auto cursor-pointer rounded border border-solid border-neutral-300 bg-white bg-clip-padding px-3 py-1.5 text-base font-normal text-neutral-700 outline-none transition duration-300 ease-in-out file:-mx-3 file:-my-1.5 file:cursor-pointer file:overflow-hidden file:rounded-none file:border-0 file:border-solid file:border-inherit file:bg-neutral-100 file:px-3 file:py-1.5 file:text-neutral-700 file:transition file:duration-150 file:ease-in-out file:[margin-inline-end:0.75rem] file:[border-inline-end-width:1px] hover:file:bg-neutral-200 focus:border-primary focus:bg-white focus:text-neutral-700 focus:shadow-[0_0_0_1px] focus:shadow-primary focus:outline-none dark:bg-transparent dark:text-neutral-200 dark:focus:bg-transparent"
                    id="formFile"
                    type="file"
                  />
                </div>
              </div>
              <div
                class="block"
              >
                <button
                  class="w-full px-3 py-4 font-medium text-white bg-blue-600 rounded-lg"
                  data-primary="blue-600"
                  data-rounded="rounded-lg"
                >
                  Submit
                </button>
              </div>
            </div>
          </div>
        </div>
      </div>
    </section>
  </main>
</div>
`;
